[L1] root number w = +1                                                  PASS  (|diff| = 2.41e-60)
[L1] functional equation Lam(1) = Lam(2)                                 PASS  (|diff| = 2.92e-62)
[L1] M7 = L'(g7,0) matches reference value                               PASS  (|diff| = 6.92e-52)
[L1] FE identity M7 = 7 sqrt7 L(g7,3) / (4 pi^3)                         PASS  (|diff| = 2.33e-61)
[L2] L(chi_{-7},-1) = 0                                                  PASS  (|diff| = 1.66e-65)
[L2] d7 = L'(chi_{-7},-1) = (7 sqrt7 / 4 pi) L(chi_{-7},2)               PASS  (|diff| = 1.56e-61)
[L2] zeta_K(2) = (2 pi^3 / (21 sqrt7)) d7                                PASS  (|diff| = 3.11e-61)
[T1] theta identity g7 = (1/2) sum' a^2 q^{N(a)} to q^60                 PASS
[O1a] B(O2) = sum'_{O2} |g|^-4  (direct Epstein) = (5/4) zeta_K(2)       PASS  (|diff| = 3.11e-61)
[O1b] B(O2) = 2 zeta_K(2) [(1-2^-2)^2 + 2^-4]                            PASS  (|diff| = 3.11e-61)
[O1c] B(O2) = Glasser--Zucker 2(1-2^{1-s}+2^{1-2s}) zeta(s) L(chi,s) at s=2 PASS  (|diff| = 3.11e-61)
[O2a] G(O2) = sum' g_bar^2 |g|^-6  (direct) = 3 L(g7,3)                  PASS  (|diff| = 9.33e-61)
[O2b] (1-pi^2/8)(1-pibar^2/8) = 23/16  (exact in K)                      PASS  (|diff| = 0.00e+00)
[O2b] pi^2 + pibar^2 = -3, N(pi) = 2                                     PASS  (|diff| = 3.11e-61)
[O2b] G(O2) = 2 L(g7,3)[(1-pi^2/8)(1-pibar^2/8) + 4^-2]                  PASS  (|diff| = 9.33e-61)
[O3] shifted coset Sh_B = (3/4) zeta_K(2)                                PASS  (|diff| = 1.56e-61)
[O3] shifted coset Sh_G = -L(g7,3)                                       PASS  (|diff| = 4.67e-61)
[O3] ray class sum'_{g=1 mod 2} N(g)^-2 = (9/8) zeta_K(2) = 2 zeta_K(2)(1-2^-2)^2 PASS  (|diff| = 3.11e-61)
[O3] ray class sum'_{g=1 mod 2} g^2 N(g)^-3 = (23/8) L(g7,3) = 2 L (1-pi^2/8)(1-pibar^2/8) PASS  (|diff| = 9.33e-61)
[T4] T4(tau_w) = 6 L(g7,3) + (5/4) zeta_K(2)                             PASS  (|diff| = 3.11e-60)
[T5] T1(tau_w) = -12 L(g7,3) + 8 zeta_K(2)                               PASS  (|diff| = 2.74e-59)
[EK] -T1 + 16 T4 = 108 L(g7,3) + 12 zeta_K(2)                            PASS  (|diff| = 6.97e-59)
[T6] T4(tau_w') = T4(tau_w)                                              PASS  (|diff| = 0.00e+00)
[T6] T1(tau_w') = T1(tau_w)                                              PASS  (|diff| = 0.00e+00)
[EK] EK(tau_w) = (4/7)(54 M7 + d7)                                       PASS  (|diff| = 1.06e-59)
[EK] (sqrt7/2pi^3)*108 = (4/7)*54 * 7 sqrt7/(4 pi^3)   [coefficient of L(g7,3)] PASS  (|diff| = 6.22e-61)
[EK] (sqrt7/2pi^3)*12 = (4/7) * 21 sqrt7/(2 pi^3)     [coefficient of zeta_K(2)] PASS  (|diff| = 7.78e-62)
[EK] zeta_K(2) * 21 sqrt7/(2 pi^3) = d7                                  PASS  (|diff| = 1.56e-61)
[EK] U-sum EK(tau_w) = T-sum EK(tau_w)                                   PASS  (|diff| = 1.87e-60)
[FR] s2(-1/(4 t)) = s2(t) at t = (0.125 + 0.330718913883073823812701969204907553213782397885306272546042j) PASS  (|diff| = 3.47e-58)
[FR] s2(-1/(4 t)) = s2(t) at t = (0.3 + 0.9j)                            PASS  (|diff| = 2.27e-57)
[FR] s2(-1/(4 t)) = s2(t) at t = (0.0 + 0.333333333333333333333333333333333333333333333333333333333333j) PASS  (|diff| = 1.98e-57)
[FR] s2(-1/(4 t)) = s2(t) at t = (0.7 + 1.1j)                            PASS  (|diff| = 6.01e-57)
[FR] s2(tau_w) = (47 + 45 sqrt(-7))/2                                    PASS  (|diff| = 3.08e-58)
[FR] s2(tau_w') = (47 - 45 sqrt(-7))/2                                   PASS  (|diff| = 4.28e-58)
[FR] tau_w = -1/(4 tau')                                                 PASS  (|diff| = 8.70e-62)
[EK] f2(k) = Re(log k - (8/k) 5F4(64/k)) = (4/7)(54 M7 + d7)             PASS  (|diff| = 9.33e-60)
[EK] EK(tau_w) = f2(s2(tau_w))  (Mahler interpretation)                  PASS  (|diff| = 1.24e-60)
[WS] T4(tau') = 4 L(g7,3) + 2 zeta_K(2)                                  PASS  (|diff| = 1.87e-60)
[WS] T1(tau') = -288 L(g7,3) + 80 zeta_K(2)                              PASS  (|diff| = 1.19e-58)
[WS] -T1+16T4 at tau' = 352 L(g7,3) - 48 zeta_K(2)                       PASS  (|diff| = 1.59e-58)
[WS] EK(tau') = (8/7)(44 M7 - d7)  (wrong-sheet branch value)            PASS  (|diff| = 1.56e-59)
[WS] U-sum EK(tau') agrees                                               PASS  (|diff| = 1.24e-60)
     [WS] note: EK(tau') != f2(s2(tau')) = target;  |diff| = 0.915584403727233119518991412514186060044730642693965048007754

ALL CHECKS PASSED
