[L1] root number w(g7) = +1                                                PASS  (|diff| = 2.41e-60)
[L1] functional equation Lam(1) = Lam(2)                                   PASS  (|diff| = 2.92e-62)
[L1] M7 = L'(g7,0) matches reference                                       PASS  (|diff| = 6.92e-52)
[L1] FE identity M7 = 7 sqrt7 L(g7,3)/(4 pi^3)                             PASS  (|diff| = 2.33e-61)
[L1] theta identity g7 = (1/2) sum' a^2 q^{N(a)} to q^60                   PASS
[S1] B(O_K) = sum'_{O_K} |a|^-4 = 2 zeta_K(2)                              PASS  (|diff| = 0.00e+00)
[S2] G(O_K) = sum' abar^2 |a|^-6 = 2 L(g7,3)                               PASS  (|diff| = 3.11e-61)
[S3] B((pibar)) = sum'_(pibar) |a|^-4 = zeta_K(2)/2                        PASS  (|diff| = 0.00e+00)
[S4] Re sum'_(pibar) abar^2 |a|^-6 = Re(pi^2 L/4) = -3 L/8                 PASS  (|diff| = 4.67e-61)
[S4] Im sum'_(pibar) abar^2 |a|^-6 = Im(pi^2 L/4) = sqrt7 L/8              PASS  (|diff| = 2.14e-61)
[S4] Re pi^2 = -3/2  (exact algebra)                                       PASS  (|diff| = 1.56e-61)
[T0] 2 tau2 = 3 + pi  (exact)                                              PASS  (|diff| = 0.00e+00)
[T0] tau2 = tau_w + 2  (exact)                                             PASS  (|diff| = 0.00e+00)
[T2] T2(tau2) = 4 L(g7,3) + 2 zeta_K(2)   [Lambda_2 = O_K]                 PASS  (|diff| = 1.87e-60)
[T1] T1(tau2) = -12 L(g7,3) + 8 zeta_K(2)   [Lambda_1 = (pibar)/2]         PASS  (|diff| = 2.74e-59)
[T3] T1(tau_w) = T1(tau2)  (same lattice)                                  PASS  (|diff| = 0.00e+00)
[T1] T1(tau2) = 16 [2 Re G((pibar)) + B((pibar))]  (ideal route)           PASS  (|diff| = 1.24e-59)
[CB] -T1 + 4 T2 = 28 L(g7,3)   (zeta_K(2) cancels)                         PASS  (|diff| = 3.48e-59)
[CB] zeta-coefficient identity -8 + 4*2 = 0  (exact integers)              PASS  (|diff| = 0.00e+00)
[EK] EK4(tau2) = 40 M7                                                     PASS  (|diff| = 1.68e-59)
[EK] EK4(tau2) = 70 sqrt7 L(g7,3)/pi^3                                     PASS  (|diff| = 6.85e-60)
[EK] coefficient identity (5 sqrt7/2 pi^3)*28 = 40*(7 sqrt7/4 pi^3)        PASS  (|diff| = 0.00e+00)
[EK] U-series EK4(tau2) = lattice EK4(tau2)                                PASS  (|diff| = 5.60e-60)
[EK] periodicity: EK4_U(tau_w) = EK4_U(tau2)                               PASS  (|diff| = 6.22e-61)
[A0] s4(tau2) = 81  (numeric link to n4(81))                               PASS  (|diff| = 1.16e-57)
[A0] s4(i) = 648  [Samart Lemma 2.2]                                       PASS  (|diff| = 6.85e-57)
[A0] s4(i/sqrt2) = 256  [Samart Lemma 2.2]                                 PASS  (|diff| = 1.35e-57)
[A0] s2(i sqrt3/2) = 256  [Samart Lemma 2.2]                               PASS  (|diff| = 2.40e-58)
[A1] root number w(h) = +1 (y = 0.35)                                      PASS  (|diff| = 9.33e-61)
[A1] root number w(h) = +1 (y = 0.53)                                      PASS  (|diff| = 2.80e-60)
[A1] FE check Lam_h(1) = Lam_h(2)                                          PASS  (|diff| = 7.78e-62)
[A1] EK2(i/2) = f2(64) = (128/pi^3) L(h,3)  [samart_ek.py Step 1]          PASS  (|diff| = 1.56e-60)
[A2] L(chi_{-4},2) = Catalan  (sanity)                                     PASS  (|diff| = 0.00e+00)
[A2] EK4(i) [lattice] = f4(648) [Thm 1.4 (1.9)]                            PASS  (|diff| = 2.49e-60)
[A2] EK4(i) [U-series] = f4(648)                                           PASS  (|diff| = 6.22e-61)
[A2] Rogers 5F4(32/81) value of f4(648) agrees                             PASS  (|diff| = 1.24e-60)
[A2] direct torus integral n4(648) = f4(648)  (deg 5, loose tol)           PASS  (|diff| = 1.44e-21)
[A3] g48 coefficients (form m^2+3n^2, twist chi_-4) match paper            PASS
[A3] g48 = eta(4)^9 eta(12)^9/(eta(2)^3 eta(6)^3 eta(8)^3 eta(24)^3) series check PASS
     [A3] g48 Fricke ratios: (1.0 + 0.0j) (0.999999999999999999999999999999999999999999999999999999999999 + 0.0j)
[A3] root number w(g48) = +1 (y = 0.37)                                    PASS  (|diff| = 4.98e-60)
[A3] root number w(g48) = +1 (y = 0.51)                                    PASS  (|diff| = 1.32e-60)
[A3] EK2(i sqrt3/2) = f2(256) [Thm 1.4 (1.6)]                              PASS  (|diff| = 2.49e-60)
[A3] Rogers 5F4(1/4) value of f2(256) agrees                               PASS  (|diff| = 2.49e-60)
[A4] EK4(i/sqrt2) [lattice] = [U-series]                                   PASS  (|diff| = 0.00e+00)
[A4] EK4(i/sqrt2) = Rogers f4(256) = log 256 - (24/256) 5F4(...;1)         PASS  (|diff| = 6.22e-61)
     [A4] EK4(i/sqrt2)      = 5.41273981692507642460024261838158353412964502109648601279235
     [A4] f2(256) closed form= (5.51209710832418714350133123202267901517751851467948851627192 + 0.0j)   |diff| = 0.0993572913991107189010886136410954810478734935830025034795696

ALL CHECKS PASSED
